[
  {
    "dataAtualizacao": "2021-01-01T03:00:00",
    "dataCriacao": "2021-01-01T03:00:00",
    "descricao": "Ut ac lacus suscipit nisl eleifend varius nec vel dolor. Morbi non laoreet metus.",
    "id": 1,
    "nome": "Phasellus laoreet",
    "preco": 87.54
  },
  {
    "dataAtualizacao": "2021-01-01T03:00:00",
    "dataCriacao": "2021-01-01T03:00:00",
    "descricao": "Nulla imperdiet neque id gravida suscipit. Sed dignissim massa nec arcu pharetra, sit amet tristique nunc maximus.",
    "id": 2,
    "nome": "Nulla imperdiet",
    "preco": 65.0
  },
  {
    "dataAtualizacao": "2021-01-01T03:00:00",
    "dataCriacao": "2021-01-01T03:00:00",
    "descricao": "Feito com os melhores ingredientes",
    "id": 5,
    "nome": "Macarr√£o ao molhor vermelho",
    "preco": 58.98
  }
]