{
  "dataAtualizacao": "2021-01-01T03:00:00",
  "dataCriacao": "2021-01-01T03:00:00",
  "descricao": "Ut ac lacus suscipit nisl eleifend varius nec vel dolor. Morbi non laoreet metus.",
  "id": 1,
  "nome": "Phasellus laoreet",
  "preco": 87.54
}