[
  {
    "cnpj": "76115833000160",
    "dataAtualizacao": "2021-01-01T03:00:00",
    "dataCriacao": "2021-01-01T03:00:00",
    "id": 1,
    "localizacao": {
      "dataAtualizacao": "2021-01-01T03:00:00",
      "dataCriacao": "2021-01-01T03:00:00",
      "id": 1,
      "latitude": -12.93138,
      "longitude": -45.46544
    },
    "nome": "Outback 2",
    "proprietario": "Daniel da Silva"
  },
  {
    "cnpj": "58394438000181",
    "dataAtualizacao": "2021-01-01T03:00:00",
    "dataCriacao": "2021-01-01T03:00:00",
    "id": 2,
    "localizacao": {
      "dataAtualizacao": "2021-01-01T03:00:00",
      "dataCriacao": "2021-01-01T03:00:00",
      "id": 2,
      "latitude": -22.9014599,
      "longitude": -43.1068623
    },
    "nome": "Ut ac lacus suscipit nisl eleifend",
    "proprietario": "Emily Clarice Ferreira"
  },
  {
    "cnpj": "02379021000195",
    "dataAtualizacao": "2021-01-01T03:00:00",
    "dataCriacao": "2021-01-01T03:00:00",
    "id": 3,
    "localizacao": {
      "dataAtualizacao": "2021-01-01T03:00:00",
      "dataCriacao": "2021-01-01T03:00:00",
      "id": 3,
      "latitude": -22.9032784,
      "longitude": -43.1033432
    },
    "nome": "Nulla imperdiet neque",
    "proprietario": "Luan Guilherme da Costa"
  }
]